17:00:48 - cmdstanpy - INFO - CmdStan start processing
17:00:48 - cmdstanpy - INFO - Chain [1] start processing
17:00:48 - cmdstanpy - INFO - Chain [2] start processing
17:00:48 - cmdstanpy - INFO - Chain [3] start processing
17:00:48 - cmdstanpy - INFO - Chain [4] start processing
17:01:15 - cmdstanpy - INFO - Chain [2] done processing
17:01:17 - cmdstanpy - INFO - Chain [4] done processing
17:01:17 - cmdstanpy - INFO - Chain [3] done processing
17:01:20 - cmdstanpy - INFO - Chain [1] done processing
17:01:20 - cmdstanpy - WARNING - Non-fatal error during sampling:
Exception: lkj_corr_lpdf: Correlation matrix is not positive definite. (in 'var-2-hierarchical.stan', line 43, column 4 to column 22)
	Exception: lkj_corr_lpdf: Correlation matrix is not positive definite. (in 'var-2-hierarchical.stan', line 43, column 4 to column 22)
	Exception: lkj_corr_lpdf: Correlation matrix is not positive definite. (in 'var-2-hierarchical.stan', line 43, column 4 to column 22)
	Exception: lkj_corr_lpdf: Correlation matrix is not positive definite. (in 'var-2-hierarchical.stan', line 43, column 4 to column 22)
	Exception: gamma_lpdf: Random variable is 0, but must be positive finite! (in 'var-2-hierarchical.stan', line 38, column 4 to column 46)
	Exception: lkj_corr_lpdf: Correlation matrix is not positive definite. (in 'var-2-hierarchical.stan', line 43, column 4 to column 22)
Exception: gamma_lpdf: Random variable is inf, but must be positive finite! (in 'var-2-hierarchical.stan', line 38, column 4 to column 46)
	Exception: gamma_lpdf: Random variable is inf, but must be positive finite! (in 'var-2-hierarchical.stan', line 38, column 4 to column 46)
	Exception: gamma_lpdf: Random variable is inf, but must be positive finite! (in 'var-2-hierarchical.stan', line 38, column 4 to column 46)
	Exception: lkj_corr_lpdf: Correlation matrix is not positive definite. (in 'var-2-hierarchical.stan', line 43, column 4 to column 22)
	Exception: gamma_lpdf: Random variable is inf, but must be positive finite! (in 'var-2-hierarchical.stan', line 38, column 4 to column 46)
	Exception: gamma_lpdf: Random variable is inf, but must be positive finite! (in 'var-2-hierarchical.stan', line 38, column 4 to column 46)
	Exception: lkj_corr_lpdf: Correlation matrix is not positive definite. (in 'var-2-hierarchical.stan', line 43, column 4 to column 22)
Exception: gamma_lpdf: Random variable is inf, but must be positive finite! (in 'var-2-hierarchical.stan', line 38, column 4 to column 46)
	Exception: gamma_lpdf: Random variable is inf, but must be positive finite! (in 'var-2-hierarchical.stan', line 38, column 4 to column 46)
	Exception: lkj_corr_lpdf: Correlation matrix is not positive definite. (in 'var-2-hierarchical.stan', line 43, column 4 to column 22)
	Exception: lkj_corr_lpdf: Correlation matrix is not positive definite. (in 'var-2-hierarchical.stan', line 43, column 4 to column 22)
	Exception: lkj_corr_lpdf: Correlation matrix is not positive definite. (in 'var-2-hierarchical.stan', line 43, column 4 to column 22)
	Exception: lkj_corr_lpdf: Correlation matrix is not positive definite. (in 'var-2-hierarchical.stan', line 43, column 4 to column 22)
	Exception: gamma_lpdf: Random variable is inf, but must be positive finite! (in 'var-2-hierarchical.stan', line 38, column 4 to column 46)
	Exception: gamma_lpdf: Random variable is inf, but must be positive finite! (in 'var-2-hierarchical.stan', line 38, column 4 to column 46)
	Exception: lkj_corr_lpdf: Correlation matrix is not positive definite. (in 'var-2-hierarchical.stan', line 43, column 4 to column 22)
Exception: lkj_corr_lpdf: Correlation matrix is not positive definite. (in 'var-2-hierarchical.stan', line 43, column 4 to column 22)
	Exception: lkj_corr_lpdf: Correlation matrix is not positive definite. (in 'var-2-hierarchical.stan', line 43, column 4 to column 22)
	Exception: lkj_corr_lpdf: Correlation matrix is not positive definite. (in 'var-2-hierarchical.stan', line 43, column 4 to column 22)
	Exception: lkj_corr_lpdf: Correlation matrix is not positive definite. (in 'var-2-hierarchical.stan', line 43, column 4 to column 22)
	Exception: lkj_corr_lpdf: Correlation matrix is not positive definite. (in 'var-2-hierarchical.stan', line 43, column 4 to column 22)
	Exception: gamma_lpdf: Random variable is 0, but must be positive finite! (in 'var-2-hierarchical.stan', line 38, column 4 to column 46)
	Exception: lkj_corr_lpdf: Correlation matrix is not positive definite. (in 'var-2-hierarchical.stan', line 43, column 4 to column 22)
	Exception: lkj_corr_lpdf: Correlation matrix is not positive definite. (in 'var-2-hierarchical.stan', line 43, column 4 to column 22)
Consider re-running with show_console=True if the above output is unclear!
